[    2849ms] [ERROR] Failed to load resource: the server responded with a status of 500 (Internal Server Error) @ http://localhost:3000/:0
[    3132ms] [INFO] %cDownload the React DevTools for a better development experience: https://reactjs.org/link/react-devtools font-weight:bold @ webpack-internal:///./node_modules/react-dom/cjs/react-dom.development.js:29889
[    3191ms] Error: Cannot find module './1682.js'
Require stack:
- /Users/naassom/Downloads/01_Projetos/Esportes_e_Fantasy/ufc-fantasy 2/.next/server/webpack-runtime.js
- /Users/naassom/Downloads/01_Projetos/Esportes_e_Fantasy/ufc-fantasy 2/.next/server/app/admin/page.js
- /Users/naassom/Downloads/01_Projetos/Esportes_e_Fantasy/ufc-fantasy 2/node_modules/next/dist/server/require.js
- /Users/naassom/Downloads/01_Projetos/Esportes_e_Fantasy/ufc-fantasy 2/node_modules/next/dist/server/load-components.js
- /Users/naassom/Downloads/01_Projetos/Esportes_e_Fantasy/ufc-fantasy 2/node_modules/next/dist/build/utils.js
- /Users/naassom/Downloads/01_Projetos/Esportes_e_Fantasy/ufc-fantasy 2/node_modules/next/dist/server/dev/hot-middleware.js
- /Users/naassom/Downloads/01_Projetos/Esportes_e_Fantasy/ufc-fantasy 2/node_modules/next/dist/server/dev/hot-reloader-webpack.js
- /Users/naassom/Downloads/01_Projetos/Esportes_e_Fantasy/ufc-fantasy 2/node_modules/next/dist/server/lib/router-utils/setup-dev-bundler.js
- /Users/naassom/Downloads/01_Projetos/Esportes_e_Fantasy/ufc-fantasy 2/node_modules/next/dist/server/lib/router-server.js
- /Users/naassom/Downloads/01_Projetos/Esportes_e_Fantasy/ufc-fantasy 2/node_modules/next/dist/server/lib/start-server.js
    at Module._resolveFilename (node:internal/modules/cjs/loader:1383:15)
    at <unknown> (file:///Users/naassom/Downloads/01_Projetos/Esportes_e_Fantasy/ufc-fantasy 2/node_modules/next/dist/server/require-hook.js:55:36)
    at defaultResolveImpl (node:internal/modules/cjs/loader:1025:19)
    at resolveForCJSWithHooks (node:internal/modules/cjs/loader:1030:22)
    at Module._load (node:internal/modules/cjs/loader:1192:37)
    at TracingChannel.traceSync (node:diagnostics_channel:328:14)
    at wrapModuleLoad (node:internal/modules/cjs/loader:237:24)
    at Module.require (node:internal/modules/cjs/loader:1463:12)
    at mod.require (file:///Users/naassom/Downloads/01_Projetos/Esportes_e_Fantasy/ufc-fantasy 2/node_modules/next/dist/server/require-hook.js:65:28)
    at require (node:internal/modules/helpers:147:16)
    at __webpack_require__.f.require (file:///Users/naassom/Downloads/01_Projetos/Esportes_e_Fantasy/ufc-fantasy 2/.next/server/webpack-runtime.js:203:28)
    at <unknown> (file:///Users/naassom/Downloads/01_Projetos/Esportes_e_Fantasy/ufc-fantasy 2/.next/server/webpack-runtime.js:116:40)
    at Array.reduce (<anonymous>)
    at __webpack_require__.e (file:///Users/naassom/Downloads/01_Projetos/Esportes_e_Fantasy/ufc-fantasy 2/.next/server/webpack-runtime.js:115:67)
    at Array.map (<anonymous>)
    at __webpack_require__.X (file:///Users/naassom/Downloads/01_Projetos/Esportes_e_Fantasy/ufc-fantasy 2/.next/server/webpack-runtime.js:167:22)
    at <unknown> (file:///Users/naassom/Downloads/01_Projetos/Esportes_e_Fantasy/ufc-fantasy 2/.next/server/pages/_document.js:1:340)
    at Object.<anonymous> (file:///Users/naassom/Downloads/01_Projetos/Esportes_e_Fantasy/ufc-fantasy 2/.next/server/pages/_document.js:1:383)
    at Module._compile (node:internal/modules/cjs/loader:1705:14)
    at Module._extensions..js (node:internal/modules/cjs/loader:1838:10)
    at Module.load (node:internal/modules/cjs/loader:1441:32)
    at Module._load (node:internal/modules/cjs/loader:1263:12)
    at TracingChannel.traceSync (node:diagnostics_channel:328:14)
    at wrapModuleLoad (node:internal/modules/cjs/loader:237:24)
    at Module.require (node:internal/modules/cjs/loader:1463:12)
    at mod.require (file:///Users/naassom/Downloads/01_Projetos/Esportes_e_Fantasy/ufc-fantasy 2/node_modules/next/dist/server/require-hook.js:65:28)
    at require (node:internal/modules/helpers:147:16)
    at requirePage (file:///Users/naassom/Downloads/01_Projetos/Esportes_e_Fantasy/ufc-fantasy 2/node_modules/next/dist/server/require.js:109:84)
    at <unknown> (file:///Users/naassom/Downloads/01_Projetos/Esportes_e_Fantasy/ufc-fantasy 2/node_modules/next/dist/server/load-components.js:72:65)
    at async loadComponentsImpl (file:///Users/naassom/Downloads/01_Projetos/Esportes_e_Fantasy/ufc-fantasy 2/node_modules/next/dist/server/load-components.js:71:33)
    at async DevServer.findPageComponentsImpl (file:///Users/naassom/Downloads/01_Projetos/Esportes_e_Fantasy/ufc-fantasy 2/node_modules/next/dist/server/next-server.js:710:36)
[    3178ms] [LOG] [HMR] connected @ webpack-internal:///./node_modules/next/dist/client/components/react-dev-overlay/pages/websocket.js:45
